// Jest Snapshot v1, https://goo.gl/fbAQLP

exports[`app setup should render correctly 1`] = `
<View
  style={
    Object {
      "alignItems": "center",
      "backgroundColor": "#FFFFFF",
      "flex": 1,
      "flexDirection": "column",
      "paddingTop": 40,
    }
  }
>
  <Text
    style={
      Object {
        "color": "#0066cc",
        "fontSize": 30,
        "fontWeight": "bold",
      }
    }
  >
    Okta + React Native
  </Text>
  <View
    style={
      Object {
        "borderRadius": 40,
        "height": 40,
        "marginBottom": 10,
        "marginHorizontal": 10,
        "marginTop": 10,
        "width": 200,
      }
    }
  >
    <View
      accessibilityRole="button"
      accessibilityStates={Array []}
      accessible={true}
      isTVSelectable={true}
      onResponderGrant={[Function]}
      onResponderMove={[Function]}
      onResponderRelease={[Function]}
      onResponderTerminate={[Function]}
      onResponderTerminationRequest={[Function]}
      onStartShouldSetResponder={[Function]}
      style={
        Object {
          "opacity": 1,
        }
      }
      testID="loginButton"
    >
      <View
        style={
          Array [
            Object {},
          ]
        }
      >
        <Text
          style={
            Array [
              Object {
                "color": "#007AFF",
                "fontSize": 18,
                "padding": 8,
                "textAlign": "center",
              },
            ]
          }
        >
          Login
        </Text>
      </View>
    </View>
  </View>
  <Text />
</View>
`;
